task: [fmt-check] uv run --no-sync ruff format --check .
63 files already formatted
task: [lint] uv run --no-sync ruff check .
All checks passed!
task: [type] uv run --no-sync basedpyright
0 errors, 0 warnings, 0 notes
task: [test] uv run --no-sync pytest --cov=goalx_backend --cov-report=term-missing --cov-report=xml
============================= test session starts ==============================
platform darwin -- Python 3.13.14, pytest-9.1.1, pluggy-1.6.0 -- /Users/chevy/Desktop/code/goalx/.venv/bin/python
cachedir: .pytest_cache
hypothesis profile 'default'
rootdir: /Users/chevy/Desktop/code/goalx
configfile: pyproject.toml
testpaths: apps/backend/tests
plugins: mock-3.15.1, cov-7.1.0, xdist-3.8.0, timeout-2.4.0, asyncio-1.4.0, typeguard-4.6.0, anyio-4.15.1, respx-0.23.1, hypothesis-6.168.0, inline-snapshot-0.35.4
asyncio: mode=Mode.STRICT, debug=False, asyncio_default_fixture_loop_scope=None, asyncio_default_test_loop_scope=function
created: 8/8 workers
8 workers [179 items]

scheduling tests via LoadFileScheduling

apps/backend/tests/unit/test_score_matrix.py::test_matrix_sums_to_one_and_poisson_marginals
apps/backend/tests/unit/test_betting_lifecycle.py::test_two_leg_void_keeps_remaining_result[2-3.6]
[gw0] [  0%] PASSED apps/backend/tests/unit/test_betting_lifecycle.py::test_two_leg_void_keeps_remaining_result[2-3.6]
apps/backend/tests/unit/test_evaluation.py::test_rps_matches_penaltyblog
[gw1] [  1%] PASSED apps/backend/tests/unit/test_score_matrix.py::test_matrix_sums_to_one_and_poisson_marginals
apps/backend/tests/unit/test_store_fixtures.py::test_upsert_fixture_idempotent
apps/backend/tests/unit/test_ingest_oddsapi.py::test_discover_sport_keys_filters
apps/backend/tests/unit/test_backtest.py::test_match_week_grouping
apps/backend/tests/unit/test_betting_lifecycle.py::test_two_leg_void_keeps_remaining_result[0-0]
apps/backend/tests/unit/test_api.py::test_today_view_shape
[gw2] [  1%] PASSED apps/backend/tests/unit/test_backtest.py::test_match_week_grouping
apps/backend/tests/unit/test_settlement.py::test_judge_leg_markets
[gw4] [  2%] PASSED apps/backend/tests/unit/test_settlement.py::test_judge_leg_markets
apps/backend/tests/unit/test_settlement.py::test_judge_leg_hhad_goal_line
apps/backend/tests/unit/test_score_matrix.py::test_hand_computed_independent_poisson
[gw0] [  2%] PASSED apps/backend/tests/unit/test_betting_lifecycle.py::test_two_leg_void_keeps_remaining_result[0-0]
[gw5] [  3%] PASSED apps/backend/tests/unit/test_evaluation.py::test_rps_matches_penaltyblog
apps/backend/tests/unit/test_backtest.py::test_assert_no_lookahead_trips_on_leak
apps/backend/tests/unit/test_betting_lifecycle.py::test_unpurchased_live_never_receives_money
[gw4] [  3%] PASSED apps/backend/tests/unit/test_settlement.py::test_judge_leg_hhad_goal_line
apps/backend/tests/unit/test_evaluation.py::test_brier_matches_penaltyblog
apps/backend/tests/unit/test_settlement.py::test_judge_leg_requires_half_score_for_hafu
[gw2] [  4%] PASSED apps/backend/tests/unit/test_backtest.py::test_assert_no_lookahead_trips_on_leak
apps/backend/tests/unit/test_backtest.py::test_fair_probs_psc_preferred_avgc_fallback
[gw1] [  5%] PASSED apps/backend/tests/unit/test_score_matrix.py::test_hand_computed_independent_poisson
apps/backend/tests/unit/test_score_matrix.py::test_dc_rho_adjusts_low_scores_only
[gw5] [  5%] PASSED apps/backend/tests/unit/test_evaluation.py::test_brier_matches_penaltyblog
apps/backend/tests/unit/test_evaluation.py::test_log_loss_bounds
[gw4] [  6%] PASSED apps/backend/tests/unit/test_settlement.py::test_judge_leg_requires_half_score_for_hafu
apps/backend/tests/unit/test_settlement.py::test_single_win_loss_open
[gw5] [  6%] PASSED apps/backend/tests/unit/test_evaluation.py::test_log_loss_bounds
apps/backend/tests/unit/test_evaluation.py::test_ece_perfect_and_miscalibrated
[gw7] [  7%] PASSED apps/backend/tests/unit/test_store_fixtures.py::test_upsert_fixture_idempotent
apps/backend/tests/unit/test_store_fixtures.py::test_team_alias_roundtrip
[gw4] [  7%] PASSED apps/backend/tests/unit/test_settlement.py::test_single_win_loss_open
apps/backend/tests/unit/test_settlement.py::test_single_void_refunds
[gw4] [  8%] PASSED apps/backend/tests/unit/test_settlement.py::test_single_void_refunds
apps/backend/tests/unit/test_settlement.py::test_parlay_all_hit_multiplies_odds
[gw0] [  8%] PASSED apps/backend/tests/unit/test_betting_lifecycle.py::test_unpurchased_live_never_receives_money
apps/backend/tests/unit/test_betting_lifecycle.py::test_purchase_cannot_debit_twice[True]
[gw0] [  9%] PASSED apps/backend/tests/unit/test_betting_lifecycle.py::test_purchase_cannot_debit_twice[True]
[gw4] [ 10%] PASSED apps/backend/tests/unit/test_settlement.py::test_parlay_all_hit_multiplies_odds
apps/backend/tests/unit/test_settlement.py::test_parlay_miss_loses
[gw4] [ 10%] PASSED apps/backend/tests/unit/test_settlement.py::test_parlay_miss_loses
apps/backend/tests/unit/test_settlement.py::test_parlay_void_leg_counts_odds_one
[gw4] [ 11%] PASSED apps/backend/tests/unit/test_settlement.py::test_parlay_void_leg_counts_odds_one
apps/backend/tests/unit/test_settlement.py::test_two_leg_parlay_one_void_keeps_remaining_odds
[gw4] [ 11%] PASSED apps/backend/tests/unit/test_settlement.py::test_two_leg_parlay_one_void_keeps_remaining_odds
[gw6] [ 12%] PASSED apps/backend/tests/unit/test_ingest_oddsapi.py::test_discover_sport_keys_filters
apps/backend/tests/unit/test_ingest_oddsapi.py::test_parse_events_maps_home_away_draw
[gw6] [ 12%] PASSED apps/backend/tests/unit/test_ingest_oddsapi.py::test_parse_events_maps_home_away_draw
apps/backend/tests/unit/test_ingest_oddsapi.py::test_join_fixtures_time_window
[gw1] [ 13%] PASSED apps/backend/tests/unit/test_score_matrix.py::test_dc_rho_adjusts_low_scores_only
apps/backend/tests/unit/test_score_matrix.py::test_matches_penaltyblog_predict
[gw1] [ 13%] PASSED apps/backend/tests/unit/test_score_matrix.py::test_matches_penaltyblog_predict
apps/backend/tests/unit/test_score_matrix.py::test_matrix_rejects_runaway_rho
[gw1] [ 14%] PASSED apps/backend/tests/unit/test_score_matrix.py::test_matrix_rejects_runaway_rho
apps/backend/tests/unit/test_score_matrix.py::test_had_hhad_ttg_views_sum_to_one
[gw7] [ 15%] PASSED apps/backend/tests/unit/test_store_fixtures.py::test_team_alias_roundtrip
apps/backend/tests/unit/test_store_fixtures.py::test_match_code_and_source_lookup
[gw7] [ 15%] PASSED apps/backend/tests/unit/test_store_fixtures.py::test_match_code_and_source_lookup
apps/backend/tests/unit/test_store_fixtures.py::test_snapshot_append_only_and_dedupe
[gw7] [ 16%] PASSED apps/backend/tests/unit/test_store_fixtures.py::test_snapshot_append_only_and_dedupe
apps/backend/tests/unit/test_store_fixtures.py::test_snapshot_persisted_meta
[gw7] [ 16%] PASSED apps/backend/tests/unit/test_store_fixtures.py::test_snapshot_persisted_meta
apps/backend/tests/unit/test_store_fixtures.py::test_eu_book_odds_latest_per_book
[gw7] [ 17%] PASSED apps/backend/tests/unit/test_store_fixtures.py::test_eu_book_odds_latest_per_book
apps/backend/tests/unit/test_store_fixtures.py::test_fixtures_for_business_date
[gw6] [ 17%] PASSED apps/backend/tests/unit/test_ingest_oddsapi.py::test_join_fixtures_time_window
apps/backend/tests/unit/test_ingest_oddsapi.py::test_join_no_event_in_window_reports_gap
[gw2] [ 18%] PASSED apps/backend/tests/unit/test_backtest.py::test_fair_probs_psc_preferred_avgc_fallback
apps/backend/tests/unit/test_backtest.py::test_simulated_jc_odds_haircut
[gw2] [ 18%] PASSED apps/backend/tests/unit/test_backtest.py::test_simulated_jc_odds_haircut
apps/backend/tests/unit/test_backtest.py::test_market_implied_matrix_recovers_had
apps/backend/tests/unit/test_betting_lifecycle.py::test_purchase_cannot_debit_twice[False]
[gw0] [ 19%] PASSED apps/backend/tests/unit/test_betting_lifecycle.py::test_purchase_cannot_debit_twice[False]
apps/backend/tests/unit/test_betting_lifecycle.py::test_result_correction_reverses_money_once
[gw0] [ 20%] PASSED apps/backend/tests/unit/test_betting_lifecycle.py::test_result_correction_reverses_money_once
apps/backend/tests/unit/test_betting_lifecycle.py::test_loss_to_win_correction_and_audit[paper]
[gw0] [ 20%] PASSED apps/backend/tests/unit/test_betting_lifecycle.py::test_loss_to_win_correction_and_audit[paper]
apps/backend/tests/unit/test_betting_lifecycle.py::test_loss_to_win_correction_and_audit[live]
[gw0] [ 21%] PASSED apps/backend/tests/unit/test_betting_lifecycle.py::test_loss_to_win_correction_and_audit[live]
apps/backend/tests/unit/test_betting_lifecycle.py::test_correction_without_reason_rolls_back_batch
[gw7] [ 21%] PASSED apps/backend/tests/unit/test_store_fixtures.py::test_fixtures_for_business_date
apps/backend/tests/unit/test_store_fixtures.py::test_odds_api_join_persisted
[gw6] [ 22%] PASSED apps/backend/tests/unit/test_ingest_oddsapi.py::test_join_no_event_in_window_reports_gap
apps/backend/tests/unit/test_ingest_oddsapi.py::test_credit_budget_guard
[gw2] [ 22%] PASSED apps/backend/tests/unit/test_backtest.py::test_market_implied_matrix_recovers_had
apps/backend/tests/unit/test_backtest.py::test_pick_hhad_line_balances_sides
[gw1] [ 23%] PASSED apps/backend/tests/unit/test_score_matrix.py::test_had_hhad_ttg_views_sum_to_one
apps/backend/tests/unit/test_score_matrix.py::test_hhad_goal_line_hand_example
[gw1] [ 24%] PASSED apps/backend/tests/unit/test_score_matrix.py::test_hhad_goal_line_hand_example
apps/backend/tests/unit/test_score_matrix.py::test_crs_view_grid_and_other_buckets
[gw1] [ 24%] PASSED apps/backend/tests/unit/test_score_matrix.py::test_crs_view_grid_and_other_buckets
apps/backend/tests/unit/test_score_matrix.py::test_ttg_seven_plus_bucket_merges_tail
[gw1] [ 25%] PASSED apps/backend/tests/unit/test_score_matrix.py::test_ttg_seven_plus_bucket_merges_tail
apps/backend/tests/unit/test_score_matrix.py::test_hafu_view_sums_to_one_and_marginals_consistent
[gw0] [ 25%] PASSED apps/backend/tests/unit/test_betting_lifecycle.py::test_correction_without_reason_rolls_back_batch
apps/backend/tests/unit/test_betting_lifecycle.py::test_ledger_write_failure_rolls_back_operation[purchase]
[gw7] [ 26%] PASSED apps/backend/tests/unit/test_store_fixtures.py::test_odds_api_join_persisted
apps/backend/tests/unit/test_settlement.py::test_parlay_two_void_legs_full_refund
[gw4] [ 26%] PASSED apps/backend/tests/unit/test_settlement.py::test_parlay_two_void_legs_full_refund
apps/backend/tests/unit/test_settlement.py::test_parlay_partial_void_miss_loses
[gw4] [ 27%] PASSED apps/backend/tests/unit/test_settlement.py::test_parlay_partial_void_miss_loses
apps/backend/tests/unit/test_settlement.py::test_parlay_awaiting_any_result_is_open
[gw4] [ 27%] PASSED apps/backend/tests/unit/test_settlement.py::test_parlay_awaiting_any_result_is_open
apps/backend/tests/unit/test_settlement.py::test_pool_combination_judgement
[gw4] [ 28%] PASSED apps/backend/tests/unit/test_settlement.py::test_pool_combination_judgement
[gw0] [ 29%] PASSED apps/backend/tests/unit/test_betting_lifecycle.py::test_ledger_write_failure_rolls_back_operation[purchase]
apps/backend/tests/unit/test_betting_lifecycle.py::test_ledger_write_failure_rolls_back_operation[settlement]
[gw6] [ 29%] PASSED apps/backend/tests/unit/test_ingest_oddsapi.py::test_credit_budget_guard
apps/backend/tests/unit/test_ingest_oddsapi.py::test_credit_monthly_guard
[gw6] [ 30%] PASSED apps/backend/tests/unit/test_ingest_oddsapi.py::test_credit_monthly_guard
apps/backend/tests/unit/test_ingest_oddsapi.py::test_month_and_day_start_utc
[gw6] [ 30%] PASSED apps/backend/tests/unit/test_ingest_oddsapi.py::test_month_and_day_start_utc
apps/backend/tests/unit/test_ingest_oddsapi.py::test_fetch_and_store_end_to_end
apps/backend/tests/unit/test_store_fixtures.py::test_pending_jingcai_fixtures
apps/backend/tests/unit/test_settlement.py::test_detail_payload_serializes
[gw6] [ 31%] PASSED apps/backend/tests/unit/test_ingest_oddsapi.py::test_fetch_and_store_end_to_end
[gw7] [ 31%] PASSED apps/backend/tests/unit/test_store_fixtures.py::test_pending_jingcai_fixtures
apps/backend/tests/unit/test_app.py::test_healthz_reports_ok
[gw0] [ 32%] PASSED apps/backend/tests/unit/test_betting_lifecycle.py::test_ledger_write_failure_rolls_back_operation[settlement]
apps/backend/tests/unit/test_betting_lifecycle.py::test_ledger_write_failure_rolls_back_operation[correction]
[gw4] [ 32%] PASSED apps/backend/tests/unit/test_settlement.py::test_detail_payload_serializes
[gw0] [ 33%] PASSED apps/backend/tests/unit/test_betting_lifecycle.py::test_ledger_write_failure_rolls_back_operation[correction]
apps/backend/tests/unit/test_betting_lifecycle.py::test_invalid_purchase_batch_and_bet_creation_are_atomic
apps/backend/tests/unit/test_ingest_oddsapi.py::test_join_ambiguous_not_persisted
[gw2] [ 34%] PASSED apps/backend/tests/unit/test_backtest.py::test_pick_hhad_line_balances_sides
apps/backend/tests/unit/test_backtest.py::test_kelly_stake_cap_and_threshold
[gw2] [ 34%] PASSED apps/backend/tests/unit/test_backtest.py::test_kelly_stake_cap_and_threshold
apps/backend/tests/unit/test_backtest.py::test_candidates_had_only_respect_price_bounds
apps/backend/tests/unit/test_dc_model.py::test_fit_produces_sane_artifact
[gw6] [ 35%] PASSED apps/backend/tests/unit/test_ingest_oddsapi.py::test_join_ambiguous_not_persisted
[gw2] [ 35%] PASSED apps/backend/tests/unit/test_backtest.py::test_candidates_had_only_respect_price_bounds
apps/backend/tests/unit/test_backtest.py::test_run_backtest_end_to_end
apps/backend/tests/unit/test_services.py::test_build_today_view
[gw6] [ 36%] PASSED apps/backend/tests/unit/test_services.py::test_build_today_view
[gw0] [ 36%] PASSED apps/backend/tests/unit/test_betting_lifecycle.py::test_invalid_purchase_batch_and_bet_creation_are_atomic
apps/backend/tests/unit/test_betting_lifecycle.py::test_concurrent_purchase_has_one_winner
[gw3] [ 37%] PASSED apps/backend/tests/unit/test_api.py::test_today_view_shape
apps/backend/tests/unit/test_services.py::test_create_bet_rejects_same_fixture_parlay
[gw5] [ 37%] PASSED apps/backend/tests/unit/test_evaluation.py::test_ece_perfect_and_miscalibrated
apps/backend/tests/unit/test_evaluation.py::test_skill_score_direction
[gw6] [ 38%] PASSED apps/backend/tests/unit/test_services.py::test_create_bet_rejects_same_fixture_parlay
apps/backend/tests/unit/test_services.py::test_paper_full_loop
apps/backend/tests/unit/test_api.py::test_today_defaults_to_beijing_date
[gw5] [ 39%] PASSED apps/backend/tests/unit/test_evaluation.py::test_skill_score_direction
apps/backend/tests/unit/test_evaluation.py::test_diebold_mariano_significance
[gw5] [ 39%] PASSED apps/backend/tests/unit/test_evaluation.py::test_diebold_mariano_significance
apps/backend/tests/unit/test_evaluation.py::test_flat_stake_stats
[gw5] [ 40%] PASSED apps/backend/tests/unit/test_evaluation.py::test_flat_stake_stats
apps/backend/tests/unit/test_evaluation.py::test_evaluate_predictions_structure
[gw5] [ 40%] PASSED apps/backend/tests/unit/test_evaluation.py::test_evaluate_predictions_structure
apps/backend/tests/unit/test_evaluation.py::test_compute_run_metrics_stratified
[gw0] [ 41%] PASSED apps/backend/tests/unit/test_betting_lifecycle.py::test_concurrent_purchase_has_one_winner
apps/backend/tests/unit/test_betting_lifecycle.py::test_correction_can_reopen_then_finalize_without_double_payment
[gw7] [ 41%] PASSED apps/backend/tests/unit/test_app.py::test_healthz_reports_ok
[gw6] [ 42%] PASSED apps/backend/tests/unit/test_services.py::test_paper_full_loop
[gw0] [ 43%] PASSED apps/backend/tests/unit/test_betting_lifecycle.py::test_correction_can_reopen_then_finalize_without_double_payment
apps/backend/tests/unit/test_betting_lifecycle.py::test_legacy_anomalies_are_reported_without_repair
apps/backend/tests/unit/test_services.py::test_live_bankroll_flow
apps/backend/tests/unit/test_app.py::test_readyz_reports_ready
[gw4] [ 43%] PASSED apps/backend/tests/unit/test_dc_model.py::test_fit_produces_sane_artifact
apps/backend/tests/unit/test_dc_model.py::test_predict_from_artifact_matches_direct_fit
[gw1] [ 44%] PASSED apps/backend/tests/unit/test_score_matrix.py::test_hafu_view_sums_to_one_and_marginals_consistent
[gw0] [ 44%] PASSED apps/backend/tests/unit/test_betting_lifecycle.py::test_legacy_anomalies_are_reported_without_repair
apps/backend/tests/unit/test_score_matrix.py::test_hafu_hand_example_symmetric
apps/backend/tests/unit/test_betting_lifecycle.py::test_nested_rollback_preserves_callers_uncommitted_work
[gw6] [ 45%] PASSED apps/backend/tests/unit/test_services.py::test_live_bankroll_flow
apps/backend/tests/unit/test_services.py::test_settlement_with_void_fixture
[gw1] [ 45%] PASSED apps/backend/tests/unit/test_score_matrix.py::test_hafu_hand_example_symmetric
apps/backend/tests/unit/test_score_matrix.py::test_pool_margins_reuse_views
[gw6] [ 46%] PASSED apps/backend/tests/unit/test_services.py::test_settlement_with_void_fixture
apps/backend/tests/unit/test_services.py::test_pool_slip_settlement_flow
[gw3] [ 46%] PASSED apps/backend/tests/unit/test_api.py::test_today_defaults_to_beijing_date
[gw6] [ 47%] PASSED apps/backend/tests/unit/test_services.py::test_pool_slip_settlement_flow
apps/backend/tests/unit/test_services.py::test_record_purchase_errors
[gw0] [ 48%] PASSED apps/backend/tests/unit/test_betting_lifecycle.py::test_nested_rollback_preserves_callers_uncommitted_work
apps/backend/tests/unit/test_betting_lifecycle.py::test_correction_does_not_silently_repair_legacy_rule_errors
[gw4] [ 48%] PASSED apps/backend/tests/unit/test_dc_model.py::test_predict_from_artifact_matches_direct_fit
apps/backend/tests/unit/test_dc_model.py::test_artifact_json_roundtrip_predicts_identically
apps/backend/tests/unit/test_api.py::test_fixture_odds_history_and_404
[gw6] [ 49%] PASSED apps/backend/tests/unit/test_services.py::test_record_purchase_errors
[gw0] [ 49%] PASSED apps/backend/tests/unit/test_betting_lifecycle.py::test_correction_does_not_silently_repair_legacy_rule_errors
apps/backend/tests/unit/test_services.py::test_live_won_bet_records_payout_event
[gw7] [ 50%] PASSED apps/backend/tests/unit/test_app.py::test_readyz_reports_ready
apps/backend/tests/unit/test_clv.py::test_closing_prob_requires_closing_purpose
[gw6] [ 50%] PASSED apps/backend/tests/unit/test_services.py::test_live_won_bet_records_payout_event
apps/backend/tests/unit/test_app.py::test_status_reports_service_identity
apps/backend/tests/unit/test_forecast.py::test_content_hash_stable_and_sensitive
[gw6] [ 51%] PASSED apps/backend/tests/unit/test_forecast.py::test_content_hash_stable_and_sensitive
apps/backend/tests/unit/test_forecast.py::test_generate_forecasts_end_to_end
[gw0] [ 51%] PASSED apps/backend/tests/unit/test_clv.py::test_closing_prob_requires_closing_purpose
apps/backend/tests/unit/test_clv.py::test_closing_snapshot_window_guard
[gw0] [ 52%] PASSED apps/backend/tests/unit/test_clv.py::test_closing_snapshot_window_guard
apps/backend/tests/unit/test_clv.py::test_reconcile_clv_and_report
[gw0] [ 53%] PASSED apps/backend/tests/unit/test_clv.py::test_reconcile_clv_and_report
apps/backend/tests/unit/test_clv.py::test_reconcile_skips_open_bets_and_unmapped
[gw0] [ 53%] PASSED apps/backend/tests/unit/test_clv.py::test_reconcile_skips_open_bets_and_unmapped
[gw1] [ 54%] PASSED apps/backend/tests/unit/test_score_matrix.py::test_pool_margins_reuse_views
apps/backend/tests/unit/test_score_matrix.py::test_combination_probability_multiplies_independently
[gw1] [ 54%] PASSED apps/backend/tests/unit/test_score_matrix.py::test_combination_probability_multiplies_independently
apps/backend/tests/unit/test_score_matrix.py::test_combination_probability_from_matrices
apps/backend/tests/unit/test_clv.py::test_regression_slope_positive_when_clv_predicts_profit
[gw4] [ 55%] PASSED apps/backend/tests/unit/test_dc_model.py::test_artifact_json_roundtrip_predicts_identically
apps/backend/tests/unit/test_dc_model.py::test_bootstrap_deterministic_and_content_addressed
[gw7] [ 55%] PASSED apps/backend/tests/unit/test_app.py::test_status_reports_service_identity
[gw1] [ 56%] PASSED apps/backend/tests/unit/test_score_matrix.py::test_combination_probability_from_matrices
apps/backend/tests/unit/test_score_matrix.py::test_matrix_rejects_nonpositive_lambdas
apps/backend/tests/unit/test_app.py::test_responses_use_json_content_type
[gw0] [ 56%] PASSED apps/backend/tests/unit/test_clv.py::test_regression_slope_positive_when_clv_predicts_profit
[gw1] [ 57%] PASSED apps/backend/tests/unit/test_score_matrix.py::test_matrix_rejects_nonpositive_lambdas
apps/backend/tests/unit/test_odds_math.py::test_normalized_implied_sums_to_one
apps/backend/tests/unit/test_clv.py::test_unpurchased_counterfactual_is_excluded_even_with_legacy_clv
[gw1] [ 58%] PASSED apps/backend/tests/unit/test_odds_math.py::test_normalized_implied_sums_to_one
apps/backend/tests/unit/test_odds_math.py::test_shin_fair_odds_returns_uniform
[gw1] [ 58%] PASSED apps/backend/tests/unit/test_odds_math.py::test_shin_fair_odds_returns_uniform
apps/backend/tests/unit/test_odds_math.py::test_shin_devig_sums_to_one_and_favors_favorite
[gw0] [ 59%] PASSED apps/backend/tests/unit/test_clv.py::test_unpurchased_counterfactual_is_excluded_even_with_legacy_clv
[gw1] [ 59%] PASSED apps/backend/tests/unit/test_odds_math.py::test_shin_devig_sums_to_one_and_favors_favorite
apps/backend/tests/unit/test_store_betting.py::test_create_bet_with_legs_and_list
apps/backend/tests/unit/test_odds_math.py::test_shin_no_overround_falls_back
[gw1] [ 60%] PASSED apps/backend/tests/unit/test_odds_math.py::test_shin_no_overround_falls_back
apps/backend/tests/unit/test_odds_math.py::test_consensus_odds_averages_books
[gw1] [ 60%] PASSED apps/backend/tests/unit/test_odds_math.py::test_consensus_odds_averages_books
[gw0] [ 61%] PASSED apps/backend/tests/unit/test_store_betting.py::test_create_bet_with_legs_and_list
apps/backend/tests/unit/test_store_betting.py::test_list_bets_filter_mode_and_open
apps/backend/tests/unit/test_odds_math.py::test_expected_value
[gw0] [ 62%] PASSED apps/backend/tests/unit/test_store_betting.py::test_list_bets_filter_mode_and_open
apps/backend/tests/unit/test_store_betting.py::test_settlement_updates_bet_and_upserts
[gw3] [ 62%] PASSED apps/backend/tests/unit/test_api.py::test_fixture_odds_history_and_404
[gw1] [ 63%] PASSED apps/backend/tests/unit/test_odds_math.py::test_expected_value
[gw0] [ 63%] PASSED apps/backend/tests/unit/test_store_betting.py::test_settlement_updates_bet_and_upserts
apps/backend/tests/unit/test_store_betting.py::test_slip_attach_and_mark_purchased
[gw7] [ 64%] PASSED apps/backend/tests/unit/test_app.py::test_responses_use_json_content_type
apps/backend/tests/unit/test_api.py::test_bet_create_list_and_same_fixture_rejected
apps/backend/tests/unit/test_db.py::test_migrate_applies_v1_and_is_idempotent
[gw0] [ 64%] PASSED apps/backend/tests/unit/test_store_betting.py::test_slip_attach_and_mark_purchased
apps/backend/tests/unit/test_store_betting.py::test_materialize_combinations
apps/backend/tests/unit/test_app.py::test_production_environment_is_detected_via_env
[gw7] [ 65%] PASSED apps/backend/tests/unit/test_app.py::test_production_environment_is_detected_via_env
apps/backend/tests/unit/test_app.py::test_default_environment_is_development
[gw7] [ 65%] PASSED apps/backend/tests/unit/test_app.py::test_default_environment_is_development
apps/backend/tests/unit/test_app.py::test_export_contract_writes_openapi_document
[gw0] [ 66%] PASSED apps/backend/tests/unit/test_store_betting.py::test_materialize_combinations
apps/backend/tests/unit/test_store_betting.py::test_bankroll_events
[gw0] [ 67%] PASSED apps/backend/tests/unit/test_store_betting.py::test_bankroll_events
[gw1] [ 67%] PASSED apps/backend/tests/unit/test_db.py::test_migrate_applies_v1_and_is_idempotent
apps/backend/tests/unit/test_db.py::test_connect_sets_pragmas
apps/backend/tests/unit/test_ingest_sporttery.py::test_parse_matches_full_shape
[gw1] [ 68%] PASSED apps/backend/tests/unit/test_db.py::test_connect_sets_pragmas
apps/backend/tests/unit/test_db.py::test_connect_readonly
[gw0] [ 68%] PASSED apps/backend/tests/unit/test_ingest_sporttery.py::test_parse_matches_full_shape
apps/backend/tests/unit/test_ingest_sporttery.py::test_parse_market_selections
[gw0] [ 69%] PASSED apps/backend/tests/unit/test_ingest_sporttery.py::test_parse_market_selections
[gw1] [ 69%] PASSED apps/backend/tests/unit/test_db.py::test_connect_readonly
apps/backend/tests/unit/test_db.py::test_append_only_triggers_block_mutation
apps/backend/tests/unit/test_ingest_sporttery.py::test_store_matches_idempotent
[gw0] [ 70%] PASSED apps/backend/tests/unit/test_ingest_sporttery.py::test_store_matches_idempotent
apps/backend/tests/unit/test_ingest_sporttery.py::test_fetch_uses_referer_and_retries_payload
[gw1] [ 70%] PASSED apps/backend/tests/unit/test_db.py::test_append_only_triggers_block_mutation
apps/backend/tests/unit/test_db.py::test_upgrade_from_v3_preserves_data_and_audit_cli_is_readonly
[gw0] [ 71%] PASSED apps/backend/tests/unit/test_ingest_sporttery.py::test_fetch_uses_referer_and_retries_payload
apps/backend/tests/unit/test_ingest_sporttery.py::test_fetch_raises_on_error_code
[gw0] [ 72%] PASSED apps/backend/tests/unit/test_ingest_sporttery.py::test_fetch_raises_on_error_code
apps/backend/tests/unit/test_store_results.py::test_draw_result_upsert
[gw3] [ 72%] PASSED apps/backend/tests/unit/test_api.py::test_bet_create_list_and_same_fixture_rejected
[gw0] [ 73%] PASSED apps/backend/tests/unit/test_store_results.py::test_draw_result_upsert
apps/backend/tests/unit/test_store_results.py::test_draw_results_bulk
apps/backend/tests/unit/test_api.py::test_slip_record_purchase_flow
[gw1] [ 73%] PASSED apps/backend/tests/unit/test_db.py::test_upgrade_from_v3_preserves_data_and_audit_cli_is_readonly
apps/backend/tests/unit/test_haircut.py::test_build_samples_pairs_jc_with_consensus
[gw0] [ 74%] PASSED apps/backend/tests/unit/test_store_results.py::test_draw_results_bulk
[gw1] [ 74%] PASSED apps/backend/tests/unit/test_haircut.py::test_build_samples_pairs_jc_with_consensus
apps/backend/tests/unit/test_haircut.py::test_calibrate_insufficient_samples_falls_back
apps/backend/tests/unit/test_store_results.py::test_hist_upsert_idempotent
[gw1] [ 75%] PASSED apps/backend/tests/unit/test_haircut.py::test_calibrate_insufficient_samples_falls_back
apps/backend/tests/unit/test_haircut.py::test_calibrate_median_and_reproducibility
[gw0] [ 75%] PASSED apps/backend/tests/unit/test_store_results.py::test_hist_upsert_idempotent
apps/backend/tests/unit/test_store_results.py::test_cost_ledger_credit_usage
[gw0] [ 76%] PASSED apps/backend/tests/unit/test_store_results.py::test_cost_ledger_credit_usage
apps/backend/tests/unit/test_ingest_fdhist.py::test_parse_csv_cleans_and_maps_columns
[gw0] [ 77%] PASSED apps/backend/tests/unit/test_ingest_fdhist.py::test_parse_csv_cleans_and_maps_columns
apps/backend/tests/unit/test_ingest_fdhist.py::test_import_history_idempotent
[gw1] [ 77%] PASSED apps/backend/tests/unit/test_haircut.py::test_calibrate_median_and_reproducibility
apps/backend/tests/unit/test_haircut.py::test_calibrated_haircut_feeds_backtest_params
[gw3] [ 78%] PASSED apps/backend/tests/unit/test_api.py::test_slip_record_purchase_flow
apps/backend/tests/unit/test_api.py::test_draw_results_import_and_settlement_loop
[gw1] [ 78%] PASSED apps/backend/tests/unit/test_haircut.py::test_calibrated_haircut_feeds_backtest_params
apps/backend/tests/contract/test_openapi_conformance.py::test_served_openapi_equals_reviewed_contract
[gw7] [ 79%] PASSED apps/backend/tests/unit/test_app.py::test_export_contract_writes_openapi_document
apps/backend/tests/unit/test_app.py::test_create_app_accepts_explicit_settings
[gw7] [ 79%] PASSED apps/backend/tests/unit/test_app.py::test_create_app_accepts_explicit_settings
apps/backend/tests/unit/test_api_validation.py::test_backtest_runs_list_and_detail
[gw3] [ 80%] PASSED apps/backend/tests/unit/test_api.py::test_draw_results_import_and_settlement_loop
apps/backend/tests/unit/test_api.py::test_bankroll_endpoint
[gw7] [ 81%] PASSED apps/backend/tests/unit/test_api_validation.py::test_backtest_runs_list_and_detail
apps/backend/tests/unit/test_api_validation.py::test_validation_progress_real_state
[gw3] [ 81%] PASSED apps/backend/tests/unit/test_api.py::test_bankroll_endpoint
[gw7] [ 82%] PASSED apps/backend/tests/unit/test_api_validation.py::test_validation_progress_real_state
apps/backend/tests/unit/test_api.py::test_pool_slip_creation_and_materialization
apps/backend/tests/unit/test_api_validation.py::test_validation_progress_empty_state
[gw4] [ 82%] PASSED apps/backend/tests/unit/test_dc_model.py::test_bootstrap_deterministic_and_content_addressed
apps/backend/tests/unit/test_dc_model.py::test_save_and_load_latest_run
[gw1] [ 83%] PASSED apps/backend/tests/contract/test_openapi_conformance.py::test_served_openapi_equals_reviewed_contract
[gw4] [ 83%] PASSED apps/backend/tests/unit/test_dc_model.py::test_save_and_load_latest_run
apps/backend/tests/unit/test_dc_model.py::test_decay_weights_half_life
[gw4] [ 84%] PASSED apps/backend/tests/unit/test_dc_model.py::test_decay_weights_half_life
apps/backend/tests/unit/test_dc_model.py::test_training_rows_respects_as_of_cutoff
[gw7] [ 84%] PASSED apps/backend/tests/unit/test_api_validation.py::test_validation_progress_empty_state
apps/backend/tests/unit/test_api_validation.py::test_backtest_runs_empty
[gw4] [ 85%] PASSED apps/backend/tests/unit/test_dc_model.py::test_training_rows_respects_as_of_cutoff
apps/backend/tests/unit/test_dc_model.py::test_train_competition_end_to_end
[gw3] [ 86%] PASSED apps/backend/tests/unit/test_api.py::test_pool_slip_creation_and_materialization
apps/backend/tests/unit/test_api.py::test_manual_join_endpoint
[gw7] [ 86%] PASSED apps/backend/tests/unit/test_api_validation.py::test_backtest_runs_empty
[gw3] [ 87%] PASSED apps/backend/tests/unit/test_api.py::test_manual_join_endpoint
apps/backend/tests/unit/test_api.py::test_live_purchase_correction_and_counterfactual_exclusion
[gw4] [ 87%] PASSED apps/backend/tests/unit/test_dc_model.py::test_train_competition_end_to_end
[gw3] [ 88%] PASSED apps/backend/tests/unit/test_api.py::test_live_purchase_correction_and_counterfactual_exclusion
apps/backend/tests/unit/test_api.py::test_live_pool_rejected_and_invalid_bet_rolled_back
[gw3] [ 88%] PASSED apps/backend/tests/unit/test_api.py::test_live_pool_rejected_and_invalid_bet_rolled_back
[gw6] [ 89%] PASSED apps/backend/tests/unit/test_forecast.py::test_generate_forecasts_end_to_end
apps/backend/tests/unit/test_forecast.py::test_generate_forecasts_idempotent_rerun
[gw6] [ 89%] PASSED apps/backend/tests/unit/test_forecast.py::test_generate_forecasts_idempotent_rerun
apps/backend/tests/unit/test_forecast.py::test_generate_forecasts_skip_reasons
[gw6] [ 90%] PASSED apps/backend/tests/unit/test_forecast.py::test_generate_forecasts_skip_reasons
apps/backend/tests/unit/test_forecast.py::test_forecast_matrix_views_from_payload
[gw6] [ 91%] PASSED apps/backend/tests/unit/test_forecast.py::test_forecast_matrix_views_from_payload
apps/backend/tests/unit/test_forecast.py::test_had_ci_coverage_frequency
[gw2] [ 91%] PASSED apps/backend/tests/unit/test_backtest.py::test_run_backtest_end_to_end
apps/backend/tests/unit/test_backtest.py::test_run_backtest_run_isolation
[gw5] [ 92%] PASSED apps/backend/tests/unit/test_evaluation.py::test_compute_run_metrics_stratified
apps/backend/tests/unit/test_team_align.py::test_normalize_strips_accents_legal_tokens_and_digits
[gw5] [ 92%] PASSED apps/backend/tests/unit/test_team_align.py::test_normalize_strips_accents_legal_tokens_and_digits
apps/backend/tests/unit/test_team_align.py::test_normalize_expands_fd_abbreviations
[gw5] [ 93%] PASSED apps/backend/tests/unit/test_team_align.py::test_normalize_expands_fd_abbreviations
apps/backend/tests/unit/test_team_align.py::test_index_exact_and_subset_matching
[gw5] [ 93%] PASSED apps/backend/tests/unit/test_team_align.py::test_index_exact_and_subset_matching
apps/backend/tests/unit/test_team_align.py::test_index_subset_direction_both_ways
[gw5] [ 94%] PASSED apps/backend/tests/unit/test_team_align.py::test_index_subset_direction_both_ways
apps/backend/tests/unit/test_team_align.py::test_resolve_hist_team_and_manual_override
[gw5] [ 94%] PASSED apps/backend/tests/unit/test_team_align.py::test_resolve_hist_team_and_manual_override
apps/backend/tests/unit/test_team_align.py::test_match_model_team_reverse_mapping
[gw5] [ 95%] PASSED apps/backend/tests/unit/test_team_align.py::test_match_model_team_reverse_mapping
apps/backend/tests/unit/test_team_align.py::test_alignment_report_coverage_and_unmatched
[gw5] [ 96%] PASSED apps/backend/tests/unit/test_team_align.py::test_alignment_report_coverage_and_unmatched
apps/backend/tests/unit/test_team_align.py::test_backfill_aliases_from_events
[gw5] [ 96%] PASSED apps/backend/tests/unit/test_team_align.py::test_backfill_aliases_from_events
[gw6] [ 97%] PASSED apps/backend/tests/unit/test_forecast.py::test_had_ci_coverage_frequency
[gw0] [ 97%] PASSED apps/backend/tests/unit/test_ingest_fdhist.py::test_import_history_idempotent
apps/backend/tests/unit/test_ingest_fdhist.py::test_import_history_full_matrix_urls
[gw2] [ 98%] PASSED apps/backend/tests/unit/test_backtest.py::test_run_backtest_run_isolation
apps/backend/tests/unit/test_backtest.py::test_run_backtest_marks_failed_run
[gw2] [ 98%] PASSED apps/backend/tests/unit/test_backtest.py::test_run_backtest_marks_failed_run
apps/backend/tests/unit/test_backtest.py::test_backtest_lookahead_guard_via_weeks
[gw2] [ 99%] PASSED apps/backend/tests/unit/test_backtest.py::test_backtest_lookahead_guard_via_weeks
[gw0] [100%] PASSED apps/backend/tests/unit/test_ingest_fdhist.py::test_import_history_full_matrix_urls

═══════════════════════════════ inline-snapshot ════════════════════════════════
INFO: inline-snapshot was disabled because you used xdist. This means that tests
with snapshots will continue to run, but snapshot(x) will only return x and
inline-snapshot will not be able to fix snapshots or generate reports.



================================ tests coverage ================================
______________ coverage: platform darwin, python 3.13.14-final-0 _______________

Name                                                 Stmts   Miss Branch BrPart   Cover   Missing
-------------------------------------------------------------------------------------------------
apps/backend/src/goalx_backend/__init__.py               0      0      0      0 100.00%
apps/backend/src/goalx_backend/api/__init__.py           2      0      0      0 100.00%
apps/backend/src/goalx_backend/api/bets.py             111      3     10      3  95.04%   154, 189, 251
apps/backend/src/goalx_backend/api/deps.py              12      0      0      0 100.00%
apps/backend/src/goalx_backend/api/fixtures.py          40      0      4      0 100.00%
apps/backend/src/goalx_backend/api/results.py           84      3      6      1  95.56%   146, 172-173
apps/backend/src/goalx_backend/api/validation.py        92      1      8      1  98.00%   143
apps/backend/src/goalx_backend/backtest.py             227     14     52      8  92.11%   116, 155, 271, 359-360, 363-364, 433, 439, 527-533, 543
apps/backend/src/goalx_backend/clv.py                  105      4     32      4  94.16%   155, 159, 192->182, 224, 234
apps/backend/src/goalx_backend/config.py                32      0      0      0 100.00%
apps/backend/src/goalx_backend/db.py                    52      0     12      0 100.00%
apps/backend/src/goalx_backend/dc_model.py             125      1     14      1  98.56%   81
apps/backend/src/goalx_backend/evaluation.py           140      4     46      5  95.16%   120, 136, 139, 271, 284->295
apps/backend/src/goalx_backend/export_openapi.py        16      0      0      0 100.00%
apps/backend/src/goalx_backend/forecast.py              88      2     18      0  98.11%   80-81
apps/backend/src/goalx_backend/haircut.py               79      1     18      1  97.94%   109
apps/backend/src/goalx_backend/ingest/__init__.py        2      0      0      0 100.00%
apps/backend/src/goalx_backend/ingest/fdhist.py         71      6     14      3  89.41%   61-62, 107, 127-129
apps/backend/src/goalx_backend/ingest/oddsapi.py       174     22     54      9  85.53%   117, 148, 153, 158->149, 160->144, 171, 209, 225, 288-316, 346->348, 391->343
apps/backend/src/goalx_backend/ingest/results.py        22      0      8      0 100.00%
apps/backend/src/goalx_backend/ingest/sporttery.py     126      3     54      4  96.11%   118->120, 150, 169-170, 171->exit, 187->182
apps/backend/src/goalx_backend/ledger_audit.py          46      7     30      8  80.26%   21, 44, 76, 78, 80, 82, 83->89, 88
apps/backend/src/goalx_backend/main.py                  40      0      0      0 100.00%
apps/backend/src/goalx_backend/markets.py                4      0      0      0 100.00%
apps/backend/src/goalx_backend/migrations.py            42      0     14      0 100.00%
apps/backend/src/goalx_backend/models.py               236      0      0      0 100.00%
apps/backend/src/goalx_backend/odds_math.py             35      1      8      0  97.67%   12
apps/backend/src/goalx_backend/score_matrix.py         117      3     58      3  96.57%   84, 126, 218
apps/backend/src/goalx_backend/services.py             157      4     64      6  95.48%   109->111, 168, 170, 311, 319, 323->309
apps/backend/src/goalx_backend/settlement.py           145     10     58      5  90.64%   118, 130-136, 191, 227, 293
apps/backend/src/goalx_backend/store/__init__.py         2      0      0      0 100.00%
apps/backend/src/goalx_backend/store/betting.py         85      8     18      3  87.38%   22, 133, 321-345, 349
apps/backend/src/goalx_backend/store/fixtures.py        63      2     10      2  94.52%   17, 230
apps/backend/src/goalx_backend/store/forecasts.py       15      5      4      0  63.16%   49-61
apps/backend/src/goalx_backend/store/results.py         56      7     22      7  82.05%   68, 84, 130->96, 140-148, 161, 197, 212
apps/backend/src/goalx_backend/team_align.py            99      2     34      2  96.99%   121, 231
-------------------------------------------------------------------------------------------------
TOTAL                                                 2742    113    670     76  94.17%
Coverage XML written to file coverage.xml
Required test coverage of 90.0% reached. Total coverage: 94.17%
============================= slowest 10 durations =============================
12.61s call     apps/backend/tests/unit/test_ingest_fdhist.py::test_import_history_full_matrix_urls
1.45s call     apps/backend/tests/unit/test_backtest.py::test_run_backtest_run_isolation
1.09s call     apps/backend/tests/unit/test_evaluation.py::test_compute_run_metrics_stratified
1.09s call     apps/backend/tests/unit/test_backtest.py::test_run_backtest_end_to_end
1.01s call     apps/backend/tests/unit/test_ingest_fdhist.py::test_import_history_idempotent
0.72s call     apps/backend/tests/unit/test_forecast.py::test_generate_forecasts_end_to_end
0.70s call     apps/backend/tests/unit/test_backtest.py::test_backtest_lookahead_guard_via_weeks
0.38s call     apps/backend/tests/unit/test_forecast.py::test_had_ci_coverage_frequency
0.29s call     apps/backend/tests/unit/test_dc_model.py::test_bootstrap_deterministic_and_content_addressed
0.16s call     apps/backend/tests/contract/test_openapi_conformance.py::test_served_openapi_equals_reviewed_contract
============================= 179 passed in 19.79s =============================
task: [web-lint] bun run lint
$ biome check .
Checked 34 files in 37ms. No fixes applied.
task: [web-type] bun run type
$ tsc -b
task: [web-coverage] bun run test:coverage
$ vitest run src --coverage

 RUN  v4.1.11 /Users/chevy/Desktop/code/goalx/apps/web
      Coverage enabled with v8


 Test Files  6 passed (6)
      Tests  19 passed (19)
   Start at  11:57:55
   Duration  1.87s (transform 581ms, setup 2.20s, import 851ms, tests 1.10s, environment 3.68s)

 % Coverage report from v8
-------------------|---------|----------|---------|---------|-------------------
File               | % Stmts | % Branch | % Funcs | % Lines | Uncovered Line #s
-------------------|---------|----------|---------|---------|-------------------
All files          |   96.77 |    86.17 |    97.1 |   98.23 |
 src/api           |    91.3 |    88.23 |   93.33 |    91.3 |
  client.ts        |     100 |       75 |     100 |     100 | 10
  goalx.ts         |   89.47 |     92.3 |   92.85 |   89.47 | 29,95
 src/pages         |   97.91 |    85.62 |   98.07 |     100 |
  ...roll-page.tsx |     100 |    83.33 |     100 |     100 | 45-47
  bets-page.tsx    |   97.56 |    82.35 |      96 |     100 | 24-81,118,156-158
  today-page.tsx   |     100 |       90 |     100 |     100 | 20-24,58,68-72
  ...tion-page.tsx |   97.22 |     84.5 |     100 |     100 | 15-26,84,145-161
-------------------|---------|----------|---------|---------|-------------------

=============================== Coverage summary ===============================
Statements   : 96.77% ( 120/124 )
Branches     : 86.17% ( 162/188 )
Functions    : 97.1% ( 67/69 )
Lines        : 98.23% ( 111/113 )
================================================================================
task: [contract-export] uv run --no-sync python -m goalx_backend.export_openapi
2026-09-13 11:57:57.845 | INFO     | __main__:export_contract:43 - OpenAPI contract written to /Users/chevy/Desktop/code/goalx/contracts/openapi/v1.json
task: [contract-lint] bun run contract:lint
$ bun x @redocly/cli lint goalx@v1

    ╔═══════════════════════════════════════════════════════╗
    ║                                                       ║
    ║  A new version of Redocly CLI (2.52.1) is available.  ║
    ║  Update now: `npm i -g @redocly/cli@latest`.          ║
    ║  Changelog: https://redocly.com/docs/cli/changelog/   ║
    ║                                                       ║
    ╚═══════════════════════════════════════════════════════╝

validating contracts/openapi/v1.json using lint rules for api 'goalx@v1'...
contracts/openapi/v1.json: validated in 24ms

Woohoo! Your API description is valid. 🎉

task: [contract-codegen] bun run contract:codegen
$ bash apps/web/scripts/gen-api.sh
🚀 goalx@v1 → ./apps/web/src/api/generated/schema.d.ts [72.3ms]
task: [contract-conformance] uv run --no-sync pytest apps/backend/tests/contract -q --no-cov
============================= test session starts ==============================
platform darwin -- Python 3.13.14, pytest-9.1.1, pluggy-1.6.0
rootdir: /Users/chevy/Desktop/code/goalx
configfile: pyproject.toml
plugins: mock-3.15.1, cov-7.1.0, xdist-3.8.0, timeout-2.4.0, asyncio-1.4.0, typeguard-4.6.0, anyio-4.15.1, respx-0.23.1, hypothesis-6.168.0, inline-snapshot-0.35.4
asyncio: mode=Mode.STRICT, debug=False, asyncio_default_fixture_loop_scope=None, asyncio_default_test_loop_scope=function
created: 8/8 workers
8 workers [1 item]

scheduling tests via LoadFileScheduling

apps/backend/tests/contract/test_openapi_conformance.py::test_served_openapi_equals_reviewed_contract
[gw0] [100%] PASSED apps/backend/tests/contract/test_openapi_conformance.py::test_served_openapi_equals_reviewed_contract

═══════════════════════════════ inline-snapshot ════════════════════════════════
INFO: inline-snapshot was disabled because you used xdist. This means that tests
with snapshots will continue to run, but snapshot(x) will only return x and
inline-snapshot will not be able to fix snapshots or generate reports.



============================= slowest 10 durations =============================
0.09s call     apps/backend/tests/contract/test_openapi_conformance.py::test_served_openapi_equals_reviewed_contract

(2 durations < 0.005s hidden.  Use -vv to show these durations.)
============================== 1 passed in 1.65s ===============================
task: [check-contract] git diff --exit-code -- contracts/openapi apps/web/src/api/generated
task: [web-build] bun run build
$ tsc -b && vite build
vite v8.3.0 building client environment for production...
transforming...
✓ 153 modules transformed.
rendering chunks...
computing gzip size...
dist/index.html                   0.37 kB │ gzip:   0.26 kB
dist/assets/index-BTuEyGtP.css   10.90 kB │ gzip:   3.08 kB
dist/assets/index-OqqIiDmY.js   365.59 kB │ gzip: 113.77 kB

✓ built in 130ms
task: [web-e2e] bun run e2e
$ playwright test
[WebServer] $ vite --host "127.0.0.1" --port "5173"
[WebServer] (node:80164) Warning: The 'NO_COLOR' env is ignored due to the 'FORCE_COLOR' env being set.
[WebServer] (Use `node --trace-warnings ...` to show where the warning was created)

Running 4 tests using 4 workers

(node:80165) Warning: The 'NO_COLOR' env is ignored due to the 'FORCE_COLOR' env being set.
(Use `node --trace-warnings ...` to show where the warning was created)
(node:80167) Warning: The 'NO_COLOR' env is ignored due to the 'FORCE_COLOR' env being set.
(Use `node --trace-warnings ...` to show where the warning was created)
(node:80168) Warning: The 'NO_COLOR' env is ignored due to the 'FORCE_COLOR' env being set.
(Use `node --trace-warnings ...` to show where the warning was created)
(node:80166) Warning: The 'NO_COLOR' env is ignored due to the 'FORCE_COLOR' env being set.
(Use `node --trace-warnings ...` to show where the warning was created)
[WebServer] 11:58:06 AM [vite] http proxy error: /api/v1/fixtures/today
[WebServer] Error: connect ECONNREFUSED 127.0.0.1:8000
[WebServer]     at TCPConnectWrap.afterConnect [as oncomplete] (node:net:2017:16)
[WebServer] 11:58:06 AM [vite] http proxy error: /api/v1/fixtures/today
[WebServer] Error: connect ECONNREFUSED 127.0.0.1:8000
[WebServer]     at TCPConnectWrap.afterConnect [as oncomplete] (node:net:2017:16)
[WebServer] 11:58:06 AM [vite] http proxy error: /api/v1/validation/progress
[WebServer] Error: connect ECONNREFUSED 127.0.0.1:8000
[WebServer]     at TCPConnectWrap.afterConnect [as oncomplete] (node:net:2017:16)
[WebServer] 11:58:06 AM [vite] http proxy error: /api/v1/backtest/runs
[WebServer] Error: connect ECONNREFUSED 127.0.0.1:8000
[WebServer]     at TCPConnectWrap.afterConnect [as oncomplete] (node:net:2017:16)
  ✓  1 [chromium] › e2e/smoke.spec.ts:22:1 › placeholder pages announce their milestone (664ms)
[WebServer] 11:58:06 AM [vite] http proxy error: /api/v1/bets?only_open=false
[WebServer] Error: connect ECONNREFUSED 127.0.0.1:8000
[WebServer]     at TCPConnectWrap.afterConnect [as oncomplete] (node:net:2017:16)
[WebServer] 11:58:06 AM [vite] http proxy error: /api/v1/bankroll
[WebServer] Error: connect ECONNREFUSED 127.0.0.1:8000
[WebServer]     at TCPConnectWrap.afterConnect [as oncomplete] (node:net:2017:16)
[WebServer] 11:58:06 AM [vite] http proxy error: /api/v1/validation/progress
[WebServer] Error: connect ECONNREFUSED 127.0.0.1:8000
[WebServer]     at TCPConnectWrap.afterConnect [as oncomplete] (node:net:2017:16)
[WebServer] 11:58:06 AM [vite] http proxy error: /api/v1/backtest/runs
[WebServer] Error: connect ECONNREFUSED 127.0.0.1:8000
[WebServer]     at TCPConnectWrap.afterConnect [as oncomplete] (node:net:2017:16)
  ✓  2 [chromium] › e2e/smoke.spec.ts:14:1 › six-page skeleton navigates (850ms)
  ✓  4 [chromium] › e2e/smoke.spec.ts:4:1 › today page renders with navigation and stays accessible (913ms)
[WebServer] 11:58:07 AM [vite] http proxy error: /api/v1/validation/progress
[WebServer] Error: connect ECONNREFUSED 127.0.0.1:8000
[WebServer]     at TCPConnectWrap.afterConnect [as oncomplete] (node:net:2017:16)
[WebServer] 11:58:07 AM [vite] http proxy error: /api/v1/backtest/runs
[WebServer] Error: connect ECONNREFUSED 127.0.0.1:8000
[WebServer]     at TCPConnectWrap.afterConnect [as oncomplete] (node:net:2017:16)
[WebServer] 11:58:09 AM [vite] http proxy error: /api/v1/validation/progress
[WebServer] Error: connect ECONNREFUSED 127.0.0.1:8000
[WebServer]     at TCPConnectWrap.afterConnect [as oncomplete] (node:net:2017:16)
[WebServer] 11:58:09 AM [vite] http proxy error: /api/v1/backtest/runs
[WebServer] Error: connect ECONNREFUSED 127.0.0.1:8000
[WebServer]     at TCPConnectWrap.afterConnect [as oncomplete] (node:net:2017:16)
[WebServer] 11:58:13 AM [vite] http proxy error: /api/v1/validation/progress
[WebServer] Error: connect ECONNREFUSED 127.0.0.1:8000
[WebServer]     at TCPConnectWrap.afterConnect [as oncomplete] (node:net:2017:16)
[WebServer] 11:58:13 AM [vite] http proxy error: /api/v1/backtest/runs
[WebServer] Error: connect ECONNREFUSED 127.0.0.1:8000
[WebServer]     at TCPConnectWrap.afterConnect [as oncomplete] (node:net:2017:16)
  ✓  3 [chromium] › e2e/smoke.spec.ts:29:1 › validation page degrades gracefully without backend (8.0s)

  4 passed (9.1s)
